  正在确定要还原的项目…
  所有项目均是最新的，无法还原。
  RadarSystem.Data -> C:\kotradar2025\dotnetradar\RadarSystem.Data\bin\Release\net8.0\RadarSystem.Data.dll
  RadarSystem.Core -> C:\kotradar2025\dotnetradar\RadarSystem.Core\bin\Release\net8.0\RadarSystem.Core.dll
  RadarSystem.Alarm -> C:\kotradar2025\dotnetradar\RadarSystem.Alarm\bin\Release\net8.0\RadarSystem.Alarm.dll
  RadarSystem.Radar -> C:\kotradar2025\dotnetradar\RadarSystem.Radar\bin\Release\net8.0\RadarSystem.Radar.dll
  RadarSystem.ImageAnalysis -> C:\kotradar2025\dotnetradar\RadarSystem.ImageAnalysis\bin\Release\net8.0\RadarSystem.ImageAnalysis.dll
  RadarSystem.Communication -> C:\kotradar2025\dotnetradar\RadarSystem.Communication\bin\Release\net8.0\RadarSystem.Communication.dll
  RadarSystem.WebAPI -> C:\kotradar2025\dotnetradar\RadarSystem.WebAPI\bin\Release\net8.0\RadarSystem.WebAPI.dll

已成功生成。
    0 个警告
    0 个错误

已用时间 00:00:05.23
